=== Building Tilt (prod mode) ===
Detected platform: Windows x86_64
Using Windows build
- Frontend will be pre-built with 'npm run build'
- Python will run with optimized settings
- Database will be cleared for fresh start
Clearing database collections for production...
Database cleared
Building Next.js for production...
Set-Location : Cannot find path 'C:\Users\hello\dev\tilt\image\nextjs' because it does not exist.
At C:\Users\hello\dev\tilt\tilt-app\build\build.ps1:101 char:5
+     Set-Location "..\image\nextjs"
+     ~~~~~~~~~~~~~~~~~~~~~~~~~~~~~~
    + CategoryInfo          : ObjectNotFound: (C:\Users\hello\dev\tilt\image\nextjs:String) [Set-Location], ItemNotFoundException
    + FullyQualifiedErrorId : PathNotFound,Microsoft.PowerShell.Commands.SetLocationCommand
 
node.exe : npm error code ENOENT
At C:\Program Files\nodejs\npm.ps1:29 char:3
+   & $NODE_EXE $NPM_CLI_JS $args
+   ~~~~~~~~~~~~~~~~~~~~~~~~~~~~~
    + CategoryInfo          : NotSpecified: (npm error code ENOENT:String) [], RemoteException
    + FullyQualifiedErrorId : NativeCommandError
 
npm error syscall open
npm error path C:\Users\hello\dev\tilt\tilt-app\package.json
npm error errno -4058
npm error enoent Could not read package.json: Error: ENOENT: no such file or directory, open 
'C:\Users\hello\dev\tilt\tilt-app\package.json'
npm error enoent This is related to npm not being able to find a file.
npm error enoent
npm error A complete log of this run can be found in: 
C:\Users\hello\AppData\Local\npm-cache\_logs\2025-07-12T23_25_00_739Z-debug-0.log
node.exe : npm error code ENOENT
At C:\Program Files\nodejs\npm.ps1:29 char:3
+   & $NODE_EXE $NPM_CLI_JS $args
+   ~~~~~~~~~~~~~~~~~~~~~~~~~~~~~
    + CategoryInfo          : NotSpecified: (npm error code ENOENT:String) [], RemoteException
    + FullyQualifiedErrorId : NativeCommandError
 
npm error syscall open
npm error path C:\Users\hello\dev\tilt\tilt-app\package.json
npm error errno -4058
npm error enoent Could not read package.json: Error: ENOENT: no such file or directory, open 
'C:\Users\hello\dev\tilt\tilt-app\package.json'
npm error enoent This is related to npm not being able to find a file.
npm error enoent
npm error A complete log of this run can be found in: 
C:\Users\hello\AppData\Local\npm-cache\_logs\2025-07-12T23_25_01_326Z-debug-0.log
Set-Location : Cannot find path 'C:\Users\hello\dev\build' because it does not exist.
At C:\Users\hello\dev\tilt\tilt-app\build\build.ps1:104 char:5
+     Set-Location "..\..\build"
+     ~~~~~~~~~~~~~~~~~~~~~~~~~~
    + CategoryInfo          : ObjectNotFound: (C:\Users\hello\dev\build:String) [Set-Location], ItemNotFoundException
    + FullyQualifiedErrorId : PathNotFound,Microsoft.PowerShell.Commands.SetLocationCommand
 
Building Docker image (tilt-app-x86)...
docker : ERROR: failed to build: resolve : CreateFile build: The system cannot find the file specified.
At C:\Users\hello\dev\tilt\tilt-app\build\build.ps1:113 char:1
+ docker build `
+ ~~~~~~~~~~~~~~
    + CategoryInfo          : NotSpecified: (ERROR: failed t...file specified.:String) [], RemoteException
    + FullyQualifiedErrorId : NativeCommandError
 
Set-Location : Cannot find path 'C:\Users\hello\dev\tilt\build' because it does not exist.
At C:\Users\hello\dev\tilt\tilt-app\build\build.ps1:124 char:1
+ Set-Location "build"
+ ~~~~~~~~~~~~~~~~~~~~
    + CategoryInfo          : ObjectNotFound: (C:\Users\hello\dev\tilt\build:String) [Set-Location], ItemNotFoundException
    + FullyQualifiedErrorId : PathNotFound,Microsoft.PowerShell.Commands.SetLocationCommand
 
âœ… prod build completed successfully!
Image tagged as: tilt-app-x86:latest
Use '..\run.ps1 prod' to start the prod container
