=== Building Tilt (prod mode) ===
Detected platform: Windows x86_64
Using Windows build
- Frontend will be pre-built with 'npm run build'
- Python will run with optimized settings
- Database will be cleared for fresh start
Clearing database collections for production...
Database cleared
Building Next.js for production...

up to date, audited 504 packages in 2s

217 packages are looking for funding
  run `npm fund` for details

1 critical severity vulnerability

To address all issues, run:
  npm audit fix --force

Run `npm audit` for details.

> tilt-frontend@fe-0.0.62 build
> next build

  Γû▓ Next.js 14.2.3

   Creating an optimized production build ...
 Γ£ô Compiled successfully
   Skipping validation of types
   Skipping linting
   Collecting page data ...
   Generating static pages (0/7) ...
   Generating static pages (1/7) 
   Generating static pages (3/7) 
   Generating static pages (5/7) 
 Γ£ô Generating static pages (7/7)
   Finalizing page optimization ...
   Collecting build traces ...

Route (app)                              Size     First Load JS
Γöî Γùï /                                    71.9 kB         162 kB
Γö£ Γùï /_not-found                          871 B          87.9 kB
Γö£ ╞Æ /api/v1/chat/stream                  0 B                0 B
Γö£ ╞Æ /api/v1/health                       0 B                0 B
Γö£ ╞Æ /api/v1/panels                       0 B                0 B
Γö£ ╞Æ /api/v1/settings                     0 B                0 B
Γö£ ╞Æ /api/v2/test-suites                  0 B                0 B
Γö£ ╞Æ /api/v2/test-suites/[id]             0 B                0 B
Γö£ ╞Æ /api/v2/tests                        0 B                0 B
Γö£ ╞Æ /api/v2/tests/[id]                   0 B                0 B
Γö£ ╞Æ /api/v2/tests/[id]/execution         0 B                0 B
Γöö Γùï /timing-panel                        1.78 kB        88.8 kB
+ First Load JS shared by all            87 kB
  Γö£ chunks/23-b3993f1c23390dfc.js        31.5 kB
  Γö£ chunks/fd9d1056-cc804a1e952f84f5.js  53.6 kB
  Γöö other shared chunks (total)          1.92 kB


Γùï  (Static)   prerendered as static content
╞Æ  (Dynamic)  server-rendered on demand

Building Docker image (tilt-app-x86)...
docker : #0 building with "desktop-linux" instance using docker driver
At C:\Users\hello\dev\tilt\tilt-app\build\build.ps1:113 char:1
+ docker build `
+ ~~~~~~~~~~~~~~
    + CategoryInfo          : NotSpecified: (#0 building wit...g docker driver:String) [], RemoteException
    + FullyQualifiedErrorId : NativeCommandError
 

#1 [internal] load build definition from Dockerfile.windows
#1 transferring dockerfile: 6.22kB done
#1 DONE 0.0s

#2 [internal] load metadata for docker.io/library/ubuntu:22.04
#2 ...

#3 [auth] library/ubuntu:pull token for registry-1.docker.io
#3 DONE 0.0s

#2 [internal] load metadata for docker.io/library/ubuntu:22.04
#2 DONE 4.8s

#4 [internal] load .dockerignore
#4 transferring context: 108B done
#4 DONE 0.1s

#5 [internal] load build context
#5 DONE 0.0s

#6 [base 1/2] FROM docker.io/library/ubuntu:22.04@sha256:3c61d3759c2639d4b836d32a2d3c83fa0214e36f195a3421018dbaaf79cbe37f
#6 resolve docker.io/library/ubuntu:22.04@sha256:3c61d3759c2639d4b836d32a2d3c83fa0214e36f195a3421018dbaaf79cbe37f 0.1s done
#6 DONE 0.1s

#7 importing cache manifest from tilt-app-x86:latest
#7 ...

#8 [auth] library/tilt-app-x86:pull token for registry-1.docker.io
#8 DONE 0.0s

#7 importing cache manifest from tilt-app-x86:latest
#7 ERROR: failed to configure registry cache importer: pull access denied, repository does not exist or may require authorization: 
server message: insufficient_scope: authorization failed

#5 [internal] load build context
#5 transferring context: 14.59MB 1.0s done
#5 DONE 1.2s

#9 [python-deps 1/2] COPY --chown=tilt:tilt image/agent/requirements.txt /home/tilt/agent/requirements.txt
#9 CACHED

#10 [nodejs-deps 3/3] RUN npm install --legacy-peer-deps
#10 CACHED

#11 [system-packages 4/7] RUN echo "deb [ arch=amd64,arm64 signed-by=/usr/share/keyrings/mongodb-server-7.0.gpg ] 
https://repo.mongodb.org/apt/ubuntu jammy/mongodb-org/7.0 multiverse" |     tee /etc/apt/sources.list.d/mongodb-org-7.0.list
#11 CACHED

#12 [nodejs-deps 1/3] COPY --chown=tilt:tilt image/nextjs/package*.json /home/tilt/nextjs/
#12 CACHED

#13 [system-packages 7/7] RUN usermod -aG sudo mongodb &&     echo "mongodb ALL=(ALL) NOPASSWD: ALL" >> /etc/sudoers
#13 CACHED

#14 [nodejs-deps 2/3] WORKDIR /home/tilt/nextjs
#14 CACHED

#15 [pip-setup 1/1] RUN python -m pip install --upgrade pip==23.1.2 setuptools==58.0.4 wheel==0.40.0 &&     python -m pip config set 
global.disable-pip-version-check true
#15 CACHED

#16 [system-packages 3/7] RUN curl -fsSL https://www.mongodb.org/static/pgp/server-7.0.asc |     gpg -o 
/usr/share/keyrings/mongodb-server-7.0.gpg --dearmor
#16 CACHED

#17 [user-apps 2/3] RUN ln -sf /usr/bin/google-chrome /usr/bin/chromium &&     ln -sf /usr/bin/google-chrome 
/usr/bin/chromium-browser
#17 CACHED

#18 [system-packages 5/7] RUN apt-get update &&     apt-get install -y mongodb-org &&     apt-get clean
#18 CACHED

#19 [python-deps 2/2] RUN python -m pip install -r /home/tilt/agent/requirements.txt
#19 CACHED

#20 [user-apps 3/3] RUN git clone --branch v1.5.0 https://github.com/novnc/noVNC.git /opt/noVNC &&     git clone --branch v0.12.0 
https://github.com/novnc/websockify /opt/noVNC/utils/websockify &&     ln -s /opt/noVNC/vnc.html /opt/noVNC/index.html
#20 CACHED

#21 [python-env 1/2] RUN git clone https://github.com/pyenv/pyenv.git ~/.pyenv &&     cd ~/.pyenv && src/configure && make -C src && 
cd .. &&     echo 'export PYENV_ROOT="$HOME/.pyenv"' >> ~/.bashrc &&     echo 'command -v pyenv >/dev/null || export 
PATH="$PYENV_ROOT/bin:$PATH"' >> ~/.bashrc &&     echo 'eval "$(pyenv init -)"' >> ~/.bashrc
#21 CACHED

#22 [system-packages 1/7] RUN apt-get update &&     apt-get -y install     xvfb     xterm     xdotool     scrot     imagemagick     
sudo     mutter     x11vnc     gnome-shell-extensions     build-essential     libssl-dev      zlib1g-dev     libbz2-dev     
libreadline-dev     libsqlite3-dev     curl     git     libncursesw5-dev     xz-utils     tk-dev     libxml2-dev     libxmlsec1-dev  
   libffi-dev     liblzma-dev     net-tools     netcat     software-properties-common &&     apt-get clean
#22 CACHED

#23 [user-apps 1/3] RUN curl -fsSL https://dl.google.com/linux/linux_signing_key.pub | gpg --dearmor -o 
/usr/share/keyrings/google-chrome-keyring.gpg &&     echo "deb [arch=amd64 signed-by=/usr/share/keyrings/google-chrome-keyring.gpg] 
http://dl.google.com/linux/chrome/deb/ stable main" > /etc/apt/sources.list.d/google-chrome.list &&     apt-get update &&     
apt-get install -y --no-install-recommends     google-chrome-stable     x11-apps     xpdf     tint2     pcmanfm     unzip &&     
apt-get clean
#23 CACHED

#24 [user-setup 3/4] RUN mkdir -p /home/tilt/{Desktop,Documents,Downloads} &&     mkdir -p 
/home/tilt/.config/{gtk-3.0,gtk-2.0,libreoffice,pulse} &&     mkdir -p /home/tilt/.local /home/tilt/.cache /home/tilt/.mozilla &&    
 chown -R tilt:tilt /home/tilt
#24 CACHED

#25 [base 2/2] RUN apt-get update &&     apt-get -y upgrade &&     apt-get clean
#25 CACHED

#26 [user-setup 2/4] RUN echo "tilt ALL=(ALL) NOPASSWD: ALL" >> /etc/sudoers
#26 CACHED

#27 [user-setup 4/4] WORKDIR /home/tilt
#27 CACHED

#28 [system-packages 6/7] RUN mkdir -p /data/db /var/log/mongodb &&     chown -R mongodb:mongodb /data/db /var/log/mongodb &&     
chmod 755 /data/db /var/log/mongodb
#28 CACHED

#29 [python-env 2/2] RUN eval "$(pyenv init -)" &&     pyenv install 3.11.6 &&     pyenv global 3.11.6 &&     pyenv rehash
#29 CACHED

#30 [system-packages 2/7] RUN curl -fsSL https://deb.nodesource.com/setup_18.x | bash - &&     apt-get install -y nodejs &&     
apt-get clean
#30 CACHED

#31 [user-setup 1/4] RUN useradd -m -s /bin/bash -d /home/tilt tilt
#31 CACHED

#32 [app 1/5] RUN mkdir -p /home/tilt/image
#32 CACHED

#33 [app 2/5] COPY --chown=tilt:tilt image/ /home/tilt/image/
#33 DONE 8.7s

#34 [app 3/5] WORKDIR /home/tilt/image/nextjs
#34 DONE 1.5s

#35 [app 4/5] RUN if [ "false" = "false" ]; then         echo "Production mode - building Next.js in place";         npm install 
--legacy-peer-deps && npm run build;     else         echo "Development mode - will install dependencies and run dev server at 
runtime";         mkdir -p .next;     fi
#35 0.907 Production mode - building Next.js in place
#35 4.943 
#35 4.943 added 4 packages, and audited 508 packages in 4s
#35 4.943 
#35 4.943 217 packages are looking for funding
#35 4.943   run `npm fund` for details
#35 4.985 
#35 4.985 1 critical severity vulnerability
#35 4.985 
#35 4.985 To address all issues, run:
#35 4.985   npm audit fix --force
#35 4.985 
#35 4.985 Run `npm audit` for details.
#35 5.162 
#35 5.162 > tilt-frontend@fe-0.0.62 build
#35 5.162 > next build
#35 5.162 
#35 5.933 Attention: Next.js now collects completely anonymous telemetry regarding usage.
#35 5.933 This information is used to shape Next.js' roadmap and prioritize features.
#35 5.933 You can learn more, including how to opt-out if you'd not like to participate in this anonymous program, by visiting the 
following URL:
#35 5.933 https://nextjs.org/telemetry
#35 5.933 
#35 6.173   Γû▓ Next.js 14.2.3
#35 6.173 
#35 6.408    Creating an optimized production build ...
#35 17.56  Γ£ô Compiled successfully
#35 17.56    Skipping validation of types
#35 17.56    Skipping linting
#35 17.79    Collecting page data ...
#35 19.13    Generating static pages (0/7) ...
#35 19.15    Generating static pages (1/7) 
#35 19.41    Generating static pages (3/7) 
#35 19.49    Generating static pages (5/7) 
#35 19.54  Γ£ô Generating static pages (7/7)
#35 19.93    Finalizing page optimization ...
#35 19.93    Collecting build traces ...
#35 24.08 
#35 24.09 Route (app)                              Size     First Load JS
#35 24.09 Γöî Γùï /                                    71.9 kB         162 kB
#35 24.09 Γö£ Γùï /_not-found                          871 B          87.9 kB
#35 24.09 Γö£ ╞Æ /api/v1/chat/stream                  0 B                0 B
#35 24.09 Γö£ ╞Æ /api/v1/health                       0 B                0 B
#35 24.09 Γö£ ╞Æ /api/v1/panels                       0 B                0 B
#35 24.09 Γö£ ╞Æ /api/v1/settings                     0 B                0 B
#35 24.09 Γö£ ╞Æ /api/v2/test-suites                  0 B                0 B
#35 24.09 Γö£ ╞Æ /api/v2/test-suites/[id]             0 B                0 B
#35 24.09 Γö£ ╞Æ /api/v2/tests                        0 B                0 B
#35 24.09 Γö£ ╞Æ /api/v2/tests/[id]                   0 B                0 B
#35 24.09 Γö£ ╞Æ /api/v2/tests/[id]/execution         0 B                0 B
#35 24.09 Γöö Γùï /timing-panel                        1.78 kB        88.8 kB
#35 24.09 + First Load JS shared by all            87 kB
#35 24.09   Γö£ chunks/23-b3993f1c23390dfc.js        31.5 kB
#35 24.09   Γö£ chunks/fd9d1056-cc804a1e952f84f5.js  53.6 kB
#35 24.09   Γöö other shared chunks (total)          1.92 kB
#35 24.09 
#35 24.09 
#35 24.09 Γùï  (Static)   prerendered as static content
#35 24.09 ╞Æ  (Dynamic)  server-rendered on demand
#35 24.09 
#35 DONE 24.2s

#36 [app 5/5] WORKDIR /home/tilt
#36 DONE 0.1s

#37 exporting to image
#37 exporting layers
#37 exporting layers 11.3s done
#37 preparing layers for inline cache
#37 preparing layers for inline cache 1.1s done
#37 exporting manifest sha256:df057cae6c10f9ecd918413f729b5dd74f0d4db886c81312c11991e6280f5282 0.1s done
#37 exporting config sha256:c372149e7b62df5d4ef3d9ed413cda0011390f666c179b926ca9223ee2b6ef04 0.1s done
#37 exporting attestation manifest sha256:a76240ab2bb8a078a574dccc75deb8457a12ea6c4b653b74e4d309384c4797c9 0.1s done
#37 exporting manifest list sha256:74eae5471b00dde69b3b6dc4fd1395c77ecc7d0868228d7d6e6208bf3991f6d6
#37 exporting manifest list sha256:74eae5471b00dde69b3b6dc4fd1395c77ecc7d0868228d7d6e6208bf3991f6d6 0.1s done
#37 naming to docker.io/library/tilt-app-x86:latest 0.0s done
#37 unpacking to docker.io/library/tilt-app-x86:latest
#37 unpacking to docker.io/library/tilt-app-x86:latest 7.8s done
#37 DONE 20.7s
------
 > importing cache manifest from tilt-app-x86:latest:
------

View build details: docker-desktop://dashboard/build/desktop-linux/desktop-linux/vwfftgpu38wh1l6ajokxj5s4p
âœ… prod build completed successfully!
Image tagged as: tilt-app-x86:latest
Use '..\run.ps1 prod' to start the prod container
